esthe@DESKTOP-BEPOCI8 MINGW64 ~ (master)
$ ssh 7cdadafa08d6@7cdadafa08d6.78497da1.alx-cod.online
7cdadafa08d6@7cdadafa08d6.78497da1.alx-cod.online's password:
root@7cdadafa08d6:/# cd alx-higher_level_programming/
root@7cdadafa08d6:/alx-higher_level_programming# ls
0x00-python-hello_world              0x02-python-import_modul
0x01-python-if_else_loops_functions  README.md
root@7cdadafa08d6:/alx-higher_level_programming# mkdir 0x03-pa_structures
root@7cdadafa08d6:/alx-higher_level_programming# cd 0x03-pythtructures/
root@7cdadafa08d6:/alx-higher_level_programming/0x03-python-dtures# nano README.md
root@7cdadafa08d6:/alx-higher_level_programming/0x03-python-droot@7cdadafa08d6:/alx-higher_level_programming/0x03-python-data_struc
tures# nano 0-print_list_integer.py
root@7cdadafa08d6:/alx-higher_level_programming/0x03-python-data_structures# chmod u+x 0-print_list_integer.py
root@7cdadafa08d6:/alx-higher_level_programming/0x03-python-data_structures# git add .
root@7cdadafa08d6:/alx-higher_level_programming/0x03-python-data_structures# git commit -m 'task 0'
[main 02d5857] task 0
 2 files changed, 5 insertions(+)
 create mode 100755 0x03-python-data_structures/0-print_list_integer.py
 create mode 100644 0x03-python-data_structures/README.md
root@7cdadafa08d6:/alx-higher_level_programming/0x03-python-data_structures# git push
Enumerating objects: 6, done.
Counting objects: 100% (6/6), done.
Delta compression using up to 2 threads
Compressing objects: 100% (5/5), done.
Writing objects: 100% (5/5), 681 bytes | 681.00 KiB/s, done.
Total 5 (delta 1), reused 0 (delta 0)
remote: Resolving deltas: 100% (1/1), completed with 1 local object.
To https://github.com/Wambeo/alx-higher_level_programming
   a05c64a..02d5857  main -> main
root@7cdadafa08d6:/alx-higher_level_programming/0x03-python-data_structures# nano 1-element_at.py
root@7cdadafa08d6:/alx-higher_level_programming/0x03-python-data_structures# chmod u+x 1-element_at.py
root@7cdadafa08d6:/alx-higher_level_programming/0x03-python-data_structures# git add .
root@7cdadafa08d6:/alx-higher_level_programming/0x03-python-data_structures# git commit -m 'task 1'
[main efa89f3] task 1
 1 file changed, 5 insertions(+)
 create mode 100755 0x03-python-data_structures/1-element_at.py
root@7cdadafa08d6:/alx-higher_level_programming/0x03-python-data_structures# git push
Enumerating objects: 6, done.
Counting objects: 100% (6/6), done.
Delta compression using up to 2 threads
Compressing objects: 100% (4/4), done.
Writing objects: 100% (4/4), 492 bytes | 492.00 KiB/s, done.
Total 4 (delta 1), reused 0 (delta 0)
remote: Resolving deltas: 100% (1/1), completed with 1 local object.
To https://github.com/Wambeo/alx-higher_level_programming
   02d5857..efa89f3  main -> main
root@7cdadafa08d6:/alx-higher_level_programming/0x03-python-data_structures# nano

